// Jest Snapshot v1, https://goo.gl/fbAQLP

exports[`Natural 1`] = `
Array [
  " ",
  <privacy />,
  " ",
]
`;
